org.zeromeaner.contrib.net.omegaboshi.nullpomino.game.subsystem.randomizer.MemorylessRandomizer
org.zeromeaner.contrib.net.omegaboshi.nullpomino.game.subsystem.randomizer.BagRandomizer
org.zeromeaner.contrib.net.omegaboshi.nullpomino.game.subsystem.randomizer.BagNoSZORandomizer
org.zeromeaner.contrib.net.omegaboshi.nullpomino.game.subsystem.randomizer.BagBonusRandomizer
org.zeromeaner.contrib.net.omegaboshi.nullpomino.game.subsystem.randomizer.BagBonusBagRandomizer
org.zeromeaner.contrib.net.omegaboshi.nullpomino.game.subsystem.randomizer.DoubleBagRandomizer
org.zeromeaner.contrib.net.omegaboshi.nullpomino.game.subsystem.randomizer.NineBagRandomizer
org.zeromeaner.contrib.net.omegaboshi.nullpomino.game.subsystem.randomizer.BagMinusRandomizer
org.zeromeaner.contrib.net.omegaboshi.nullpomino.game.subsystem.randomizer.BagMinusTwoRandomizer
org.zeromeaner.contrib.net.omegaboshi.nullpomino.game.subsystem.randomizer.History4RollsRandomizer
org.zeromeaner.contrib.net.omegaboshi.nullpomino.game.subsystem.randomizer.History6RollsRandomizer
org.zeromeaner.contrib.net.omegaboshi.nullpomino.game.subsystem.randomizer.StrictHistoryRandomizer
org.zeromeaner.contrib.net.omegaboshi.nullpomino.game.subsystem.randomizer.NintendoRandomizer
org.zeromeaner.contrib.net.omegaboshi.nullpomino.game.subsystem.randomizer.GameBoyRandomizer
org.zeromeaner.contrib.net.omegaboshi.nullpomino.game.subsystem.randomizer.LinearDistWeightRandomizer
org.zeromeaner.contrib.net.omegaboshi.nullpomino.game.subsystem.randomizer.QuadraticDistWeightRandomizer
org.zeromeaner.contrib.net.omegaboshi.nullpomino.game.subsystem.randomizer.ExpDistWeightRandomizer
org.zeromeaner.contrib.net.omegaboshi.nullpomino.game.subsystem.randomizer.FixedSequenceRandomizer

