org.zeromeaner.game.subsystem.mode.MarathonMode
org.zeromeaner.game.subsystem.mode.MarathonPlusMode
org.zeromeaner.game.subsystem.mode.ExtremeMode
org.zeromeaner.game.subsystem.mode.LineRaceMode
org.zeromeaner.game.subsystem.mode.ScoreRaceMode
org.zeromeaner.game.subsystem.mode.DigRaceMode
org.zeromeaner.game.subsystem.mode.ComboRaceMode
org.zeromeaner.game.subsystem.mode.UltraMode
org.zeromeaner.game.subsystem.mode.TechnicianMode
org.zeromeaner.game.subsystem.mode.SquareMode
org.zeromeaner.game.subsystem.mode.DigChallengeMode
org.zeromeaner.game.subsystem.mode.RetroMarathonMode
org.zeromeaner.game.subsystem.mode.RetroMasteryMode
org.zeromeaner.game.subsystem.mode.RetroManiaMode
org.zeromeaner.game.subsystem.mode.GradeManiaMode
org.zeromeaner.game.subsystem.mode.GradeMania2Mode
org.zeromeaner.game.subsystem.mode.GradeMania3Mode
org.zeromeaner.game.subsystem.mode.ScoreAttackMode
org.zeromeaner.game.subsystem.mode.SpeedManiaMode
org.zeromeaner.game.subsystem.mode.SpeedMania2Mode
org.zeromeaner.game.subsystem.mode.GarbageManiaMode
org.zeromeaner.game.subsystem.mode.PhantomManiaMode
org.zeromeaner.game.subsystem.mode.FinalMode
org.zeromeaner.game.subsystem.mode.TimeAttackMode
org.zeromeaner.game.subsystem.mode.PracticeMode
org.zeromeaner.game.subsystem.mode.GemManiaMode
org.zeromeaner.game.subsystem.mode.VSLineRaceMode
org.zeromeaner.game.subsystem.mode.VSDigRaceMode
org.zeromeaner.game.subsystem.mode.VSBattleMode
org.zeromeaner.game.subsystem.mode.ToolVSMapEditMode
org.zeromeaner.game.subsystem.mode.NetVSBattleMode
org.zeromeaner.game.subsystem.mode.TGMNetVSBattleMode
org.zeromeaner.game.subsystem.mode.NetVSLineRaceMode
org.zeromeaner.game.subsystem.mode.NetVSDigRaceMode
org.zeromeaner.game.subsystem.mode.AvalancheMode
org.zeromeaner.game.subsystem.mode.AvalancheFeverMode
org.zeromeaner.game.subsystem.mode.AvalancheVSMode
org.zeromeaner.game.subsystem.mode.AvalancheVSFeverMode
org.zeromeaner.game.subsystem.mode.AvalancheVSDigRaceMode
org.zeromeaner.game.subsystem.mode.AvalancheVSBombBattleMode
org.zeromeaner.game.subsystem.mode.AvalancheVSSPFMode
org.zeromeaner.game.subsystem.mode.PhysicianMode
org.zeromeaner.game.subsystem.mode.PhysicianVSMode
org.zeromeaner.game.subsystem.mode.SPFMode
